// Jest Snapshot v1, https://goo.gl/fbAQLP

exports[`Board Components BoardContainer 1`] = `
<div
  className="sc-AxjAm iyergB"
/>
`;
